{
	"directory": "./my-templates",
	"templates": {
		"blog.md": {
			"title": "A Fresh Title",
			"slug": "a-fresh-title",
			"dest": "./pages"
		}
	}
}
